<?xml version="1.0"?>
<app name="FooApp" namespace="PHPAnt\Core">
  <file>
    <name>/home/michael/ant-signer/tests/testapp/jetsam.txt</name>
    <hash>7b116e061aa15e356af25fd29850aac1025462f4</hash>
  </file>
  <file>
    <name>/home/michael/ant-signer/tests/testapp/flotsam.txt</name>
    <hash>78d5b826dbd5e974bdc725fcdf39e1ce9672f958</hash>
  </file>
  <file>
    <name>/home/michael/ant-signer/tests/testapp/app.php</name>
    <hash>b757b91c56417dade0e766aa483116b9afbc0531</hash>
  </file>
  <action>
    <hook>cli-load-grammar</hook>
    <function>loadAppManager</function>
    <priority>90</priority>
    <signature>62d083411d923739c1f7fd5a1f7d41b0a7270863</signature>
  </action>
  <action>
    <hook>cli-init</hook>
    <function>declareMySelf</function>
    <priority>50</priority>
    <signature>53c84e4cc7f4ce458beb0a0f301e669cfbcda139</signature>
  </action>
  <action>
    <hook>cli-command</hook>
    <function>processCommand</function>
    <priority>50</priority>
    <signature>d44f7e3739770a1c297d1468100728eebf94a8da</signature>
  </action>
  <action>
    <hook>load_loaders</hook>
    <function>AppManagerAutoLoader</function>
    <priority>50</priority>
    <signature>a9c789d8c71a869d2bc224d84c9c1a8c287687bc</signature>
  </action>
  <action>
    <hook>launch-foo-bar</hook>
    <function>launchFooBar</function>
    <priority>50</priority>
    <signature>92ef348f608a4825de82d9273d49105c9a152b1c</signature>
  </action>
</app>
